\BOOKMARK [1][-]{section.1}{\376\377\000E\000n\000v\000i\000r\000o\000n\000n\000e\000m\000e\000n\000t\000\040\000e\000t\000\040\000P\000r\000e\000m\000i\000e\000r\000\040\000P\000r\000o\000g\000r\000a\000m\000m\000e}{}% 1
\BOOKMARK [2][-]{subsection.1.1}{\376\377\000I\000n\000s\000t\000a\000l\000l\000a\000t\000i\000o\000n\000\040\000d\000e\000\040\000l\000'\000E\000n\000v\000i\000r\000o\000n\000n\000e\000m\000e\000n\000t\000\040\000d\000e\000\040\000D\000\351\000v\000e\000l\000o\000p\000p\000e\000m\000e\000n\000t}{section.1}% 2
\BOOKMARK [3][-]{subsubsection.1.1.1}{\376\377\000V\000i\000s\000u\000a\000l\000\040\000S\000t\000u\000d\000i\000o\000\040\000\050\000E\000n\000v\000i\000r\000o\000n\000n\000e\000m\000e\000n\000t\000\040\000C\000o\000m\000p\000l\000e\000t\000\051}{subsection.1.1}% 3
\BOOKMARK [3][-]{subsubsection.1.1.2}{\376\377\000V\000i\000s\000u\000a\000l\000\040\000S\000t\000u\000d\000i\000o\000\040\000C\000o\000d\000e\000\040\000\050\000\311\000d\000i\000t\000e\000u\000r\000\040\000L\000\351\000g\000e\000r\000\040\000\046\000\040\000M\000u\000l\000t\000i\000p\000l\000a\000t\000e\000f\000o\000r\000m\000e\000\051}{subsection.1.1}% 4
\BOOKMARK [2][-]{subsection.1.2}{\376\377\000Q\000u\000'\000e\000s\000t\000-\000c\000e\000\040\000q\000u\000e\000\040\000C\000\043\000,\000\040\000.\000N\000E\000T\000,\000\040\000C\000L\000I\000\040\000e\000t\000\040\000C\000L\000R\000\040\000?}{section.1}% 5
\BOOKMARK [3][-]{subsubsection.1.2.1}{\376\377\000V\000u\000e\000\040\000d\000'\000E\000n\000s\000e\000m\000b\000l\000e\000\040\000d\000e\000\040\000l\000'\000\311\000c\000o\000s\000y\000s\000t\000\350\000m\000e}{subsection.1.2}% 6
\BOOKMARK [3][-]{subsubsection.1.2.2}{\376\377\000D\000\351\000f\000i\000n\000i\000t\000i\000o\000n\000s\000\040\000d\000e\000s\000\040\000C\000o\000n\000c\000e\000p\000t\000s\000\040\000C\000l\000\351\000s}{subsection.1.2}% 7
\BOOKMARK [3][-]{subsubsection.1.2.3}{\376\377\000L\000a\000\040\000C\000L\000I\000\040\000\050\000C\000o\000m\000m\000o\000n\000\040\000L\000a\000n\000g\000u\000a\000g\000e\000\040\000I\000n\000f\000r\000a\000s\000t\000r\000u\000c\000t\000u\000r\000e\000\051\000\040\000:\000\040\000L\000a\000\040\000N\000o\000r\000m\000e\000\040\000T\000h\000\351\000o\000r\000i\000q\000u\000e}{subsection.1.2}% 8
\BOOKMARK [3][-]{subsubsection.1.2.4}{\376\377\000L\000e\000\040\000C\000L\000R\000\040\000\050\000C\000o\000m\000m\000o\000n\000\040\000L\000a\000n\000g\000u\000a\000g\000e\000\040\000R\000u\000n\000t\000i\000m\000e\000\051\000\040\000:\000\040\000L\000e\000\040\000M\000o\000t\000e\000u\000r\000\040\000d\000'\000E\000x\000\351\000c\000u\000t\000i\000o\000n}{subsection.1.2}% 9
\BOOKMARK [3][-]{subsubsection.1.2.5}{\376\377\000L\000e\000s\000\040\0004\000\040\000P\000i\000l\000i\000e\000r\000s\000\040\000d\000e\000\040\000l\000'\000A\000r\000c\000h\000i\000t\000e\000c\000t\000u\000r\000e\000\040\000.\000N\000E\000T}{subsection.1.2}% 10
\BOOKMARK [2][-]{subsection.1.3}{\376\377\000S\000t\000r\000u\000c\000t\000u\000r\000e\000\040\000d\000'\000u\000n\000\040\000P\000r\000o\000g\000r\000a\000m\000m\000e\000\040\000C\000\043}{section.1}% 11
\BOOKMARK [3][-]{subsubsection.1.3.1}{\376\377\000S\000t\000r\000u\000c\000t\000u\000r\000e\000\040\000C\000l\000a\000s\000s\000i\000q\000u\000e\000\040\000\050\000E\000x\000p\000l\000i\000c\000i\000t\000e\000\051}{subsection.1.3}% 12
\BOOKMARK [3][-]{subsubsection.1.3.2}{\376\377\000S\000t\000r\000u\000c\000t\000u\000r\000e\000\040\000M\000o\000d\000e\000r\000n\000e\000\040\000:\000\040\000T\000o\000p\000-\000L\000e\000v\000e\000l\000\040\000S\000t\000a\000t\000e\000m\000e\000n\000t\000s\000\040\000\050\000C\000\043\000\040\0009\000+\000\040\000/\000\040\000.\000N\000E\000T\000\040\0008\000\051}{subsection.1.3}% 13
\BOOKMARK [2][-]{subsection.1.4}{\376\377\000L\000e\000\040\000C\000y\000c\000l\000e\000\040\000d\000e\000\040\000C\000o\000m\000p\000i\000l\000a\000t\000i\000o\000n\000\040\000e\000t\000\040\000d\000'\000E\000x\000\351\000c\000u\000t\000i\000o\000n}{section.1}% 14
\BOOKMARK [2][-]{subsection.1.5}{\376\377\000S\000y\000n\000t\000h\000\350\000s\000e\000\040\000d\000u\000\040\000C\000h\000a\000p\000i\000t\000r\000e}{section.1}% 15
\BOOKMARK [1][-]{section.2}{\376\377\000V\000a\000r\000i\000a\000b\000l\000e\000s\000\040\000e\000t\000\040\000T\000y\000p\000e\000s\000\040\000d\000e\000\040\000D\000o\000n\000n\000\351\000e\000s}{}% 16
\BOOKMARK [2][-]{subsection.2.1}{\376\377\000D\000\351\000c\000l\000a\000r\000a\000t\000i\000o\000n\000\040\000e\000t\000\040\000I\000n\000i\000t\000i\000a\000l\000i\000s\000a\000t\000i\000o\000n}{section.2}% 17
\BOOKMARK [2][-]{subsection.2.2}{\376\377\000L\000e\000s\000\040\000T\000y\000p\000e\000s\000\040\000d\000e\000\040\000D\000o\000n\000n\000\351\000e\000s\000\040\000P\000r\000i\000m\000i\000t\000i\000f\000s}{section.2}% 18
\BOOKMARK [3][-]{subsubsection.2.2.1}{\376\377\000T\000y\000p\000e\000s\000\040\000F\000o\000n\000d\000a\000m\000e\000n\000t\000a\000u\000x}{subsection.2.2}% 19
\BOOKMARK [3][-]{subsubsection.2.2.2}{\376\377\000T\000y\000p\000e\000s\000\040\000S\000p\000\351\000c\000i\000f\000i\000q\000u\000e\000s\000\040\000e\000t\000\040\000P\000r\000\351\000c\000i\000s\000i\000o\000n}{subsection.2.2}% 20
\BOOKMARK [2][-]{subsection.2.3}{\376\377\000I\000n\000f\000\351\000r\000e\000n\000c\000e\000\040\000d\000e\000\040\000T\000y\000p\000e\000\040\000a\000v\000e\000c\000\040\000v\000a\000r}{section.2}% 21
\BOOKMARK [2][-]{subsection.2.4}{\376\377\000C\000o\000n\000s\000t\000a\000n\000t\000e\000s\000\040\000\050\000c\000o\000n\000s\000t\000\051\000\040\000e\000t\000\040\000C\000h\000a\000m\000p\000s\000\040\000I\000m\000m\000u\000a\000b\000l\000e\000s\000\040\000\050\000r\000e\000a\000d\000o\000n\000l\000y\000\051}{section.2}% 22
\BOOKMARK [2][-]{subsection.2.5}{\376\377\000M\000a\000n\000i\000p\000u\000l\000a\000t\000i\000o\000n\000\040\000d\000e\000s\000\040\000C\000h\000a\000\356\000n\000e\000s\000\040\000d\000e\000\040\000C\000a\000r\000a\000c\000t\000\350\000r\000e\000s}{section.2}% 23
\BOOKMARK [2][-]{subsection.2.6}{\376\377\000L\000a\000\040\000P\000o\000r\000t\000\351\000e\000\040\000d\000e\000s\000\040\000V\000a\000r\000i\000a\000b\000l\000e\000s\000\040\000\050\000S\000c\000o\000p\000e\000\051}{section.2}% 24
\BOOKMARK [3][-]{subsubsection.2.6.1}{\376\377\000D\000\351\000m\000o\000n\000s\000t\000r\000a\000t\000i\000o\000n\000\040\000d\000e\000s\000\040\000P\000o\000r\000t\000\351\000e\000s\000\040\000e\000t\000\040\000d\000u\000\040\000M\000a\000s\000q\000u\000a\000g\000e\000\040\000\050\000S\000h\000a\000d\000o\000w\000i\000n\000g\000\051}{subsection.2.6}% 25
\BOOKMARK [2][-]{subsection.2.7}{\376\377\000L\000e\000\040\000T\000y\000p\000e\000\040\000d\000y\000n\000a\000m\000i\000c}{section.2}% 26
\BOOKMARK [2][-]{subsection.2.8}{\376\377\000C\000o\000n\000v\000e\000r\000s\000i\000o\000n\000\040\000d\000e\000\040\000T\000y\000p\000e\000s\000\040\000\050\000C\000a\000s\000t\000i\000n\000g\000\051}{section.2}% 27
\BOOKMARK [2][-]{subsection.2.9}{\376\377\000B\000o\000n\000n\000e\000s\000\040\000P\000r\000a\000t\000i\000q\000u\000e\000s\000\040\000d\000e\000\040\000C\000o\000d\000a\000g\000e}{section.2}% 28
\BOOKMARK [1][-]{section.3}{\376\377\000C\000o\000n\000v\000e\000n\000t\000i\000o\000n\000s\000\040\000d\000e\000\040\000N\000o\000m\000m\000a\000g\000e\000,\000\040\000F\000o\000r\000m\000a\000t\000a\000g\000e\000\040\000e\000t\000\040\000C\000l\000e\000a\000n\000\040\000C\000o\000d\000e}{}% 29
\BOOKMARK [2][-]{subsection.3.1}{\376\377\000C\000o\000n\000v\000e\000n\000t\000i\000o\000n\000s\000\040\000d\000e\000\040\000N\000o\000m\000m\000a\000g\000e\000\040\000O\000f\000f\000i\000c\000i\000e\000l\000l\000e\000s}{section.3}% 30
\BOOKMARK [3][-]{subsubsection.3.1.1}{\376\377\000L\000e\000s\000\040\000S\000t\000y\000l\000e\000s\000\040\000d\000e\000\040\000C\000a\000s\000s\000e\000\040\000e\000n\000\040\000C\000\043}{subsection.3.1}% 31
\BOOKMARK [3][-]{subsubsection.3.1.2}{\376\377\000E\000x\000e\000m\000p\000l\000e\000s\000\040\000d\000e\000\040\000C\000o\000n\000f\000o\000r\000m\000i\000t\000\351\000\040\000S\000y\000n\000t\000a\000x\000i\000q\000u\000e}{subsection.3.1}% 32
\BOOKMARK [2][-]{subsection.3.2}{\376\377\000C\000o\000n\000v\000e\000n\000t\000i\000o\000n\000s\000\040\000d\000e\000\040\000F\000o\000r\000m\000a\000t\000a\000g\000e\000\040\000\050\000S\000t\000y\000l\000e\000\040\000A\000l\000l\000m\000a\000n\000\051}{section.3}% 33
\BOOKMARK [3][-]{subsubsection.3.2.1}{\376\377\000R\000\350\000g\000l\000e\000s\000\040\000F\000o\000n\000d\000a\000m\000e\000n\000t\000a\000l\000e\000s\000\040\000d\000'\000O\000r\000g\000a\000n\000i\000g\000r\000a\000m\000m\000e\000\040\000V\000i\000s\000u\000e\000l}{subsection.3.2}% 34
\BOOKMARK [2][-]{subsection.3.3}{\376\377\000O\000r\000g\000a\000n\000i\000s\000a\000t\000i\000o\000n\000\040\000I\000n\000t\000e\000r\000n\000e\000\040\000d\000'\000u\000n\000e\000\040\000C\000l\000a\000s\000s\000e\000\040\000C\000\043}{section.3}% 35
\BOOKMARK [2][-]{subsection.3.4}{\376\377\000I\000n\000f\000\351\000r\000e\000n\000c\000e\000\040\000d\000e\000\040\000T\000y\000p\000e\000\040\000\050\000v\000a\000r\000\051\000\040\000v\000s\000\040\000T\000y\000p\000e\000\040\000E\000x\000p\000l\000i\000c\000i\000t\000e}{section.3}% 36
\BOOKMARK [2][-]{subsection.3.5}{\376\377\000C\000o\000n\000t\000r\000\364\000l\000e\000\040\000d\000e\000\040\000F\000l\000u\000x\000\040\000e\000t\000\040\000R\000e\000t\000o\000u\000r\000s\000\040\000A\000n\000t\000i\000c\000i\000p\000\351\000s\000\040\000\050\000E\000a\000r\000l\000y\000\040\000R\000e\000t\000u\000r\000n\000\051}{section.3}% 37
\BOOKMARK [2][-]{subsection.3.6}{\376\377\000G\000e\000s\000t\000i\000o\000n\000\040\000R\000i\000g\000o\000u\000r\000e\000u\000s\000e\000\040\000d\000e\000s\000\040\000E\000x\000c\000e\000p\000t\000i\000o\000n\000s}{section.3}% 38
\BOOKMARK [2][-]{subsection.3.7}{\376\377\000O\000u\000t\000i\000l\000l\000a\000g\000e\000\040\000A\000u\000t\000o\000m\000a\000t\000i\000s\000\351\000\040\000\050\000.\000e\000d\000i\000t\000o\000r\000c\000o\000n\000f\000i\000g\000\040\000\046\000\040\000R\000o\000s\000l\000y\000n\000\051}{section.3}% 39
\BOOKMARK [3][-]{subsubsection.3.7.1}{\376\377\000F\000i\000c\000h\000i\000e\000r\000\040\000d\000e\000\040\000C\000o\000n\000f\000i\000g\000u\000r\000a\000t\000i\000o\000n\000\040\000.\000e\000d\000i\000t\000o\000r\000c\000o\000n\000f\000i\000g}{subsection.3.7}% 40
\BOOKMARK [3][-]{subsubsection.3.7.2}{\376\377\000C\000o\000m\000m\000a\000n\000d\000e\000\040\000d\000e\000\040\000F\000o\000r\000m\000a\000t\000a\000g\000e\000\040\000C\000L\000I}{subsection.3.7}% 41
\BOOKMARK [2][-]{subsection.3.8}{\376\377\000S\000y\000n\000t\000h\000\350\000s\000e\000\040\000d\000e\000s\000\040\000C\000o\000n\000v\000e\000n\000t\000i\000o\000n\000s}{section.3}% 42
\BOOKMARK [1][-]{section.4}{\376\377\000A\000r\000c\000h\000i\000t\000e\000c\000t\000u\000r\000e\000\040\000d\000e\000s\000\040\000T\000y\000p\000e\000s\000\040\000d\000e\000\040\000V\000a\000r\000i\000a\000b\000l\000e\000s\000\040\000e\000t\000\040\000M\000\351\000m\000o\000i\000r\000e}{}% 43
\BOOKMARK [2][-]{subsection.4.1}{\376\377\000T\000y\000p\000e\000s\000\040\000V\000a\000l\000e\000u\000r\000\040\000e\000t\000\040\000T\000y\000p\000e\000s\000\040\000R\000\351\000f\000\351\000r\000e\000n\000c\000e}{section.4}% 44
\BOOKMARK [3][-]{subsubsection.4.1.1}{\376\377\000L\000e\000s\000\040\000T\000y\000p\000e\000s\000\040\000V\000a\000l\000e\000u\000r\000\040\000\050\000V\000a\000l\000u\000e\000\040\000T\000y\000p\000e\000s\000\051}{subsection.4.1}% 45
\BOOKMARK [3][-]{subsubsection.4.1.2}{\376\377\000L\000e\000s\000\040\000T\000y\000p\000e\000s\000\040\000R\000\351\000f\000\351\000r\000e\000n\000c\000e\000\040\000\050\000R\000e\000f\000e\000r\000e\000n\000c\000e\000\040\000T\000y\000p\000e\000s\000\051}{subsection.4.1}% 46
\BOOKMARK [2][-]{subsection.4.2}{\376\377\000F\000a\000m\000i\000l\000l\000e\000s\000\040\000d\000e\000\040\000T\000y\000p\000e\000s\000\040\000P\000r\000i\000m\000i\000t\000i\000f\000s}{section.4}% 47
\BOOKMARK [3][-]{subsubsection.4.2.1}{\376\377\000L\000e\000s\000\040\000T\000y\000p\000e\000s\000\040\000E\000n\000t\000i\000e\000r\000s\000\040\000\050\000i\000n\000t\000,\000\040\000l\000o\000n\000g\000,\000\040\000b\000y\000t\000e\000\051}{subsection.4.2}% 48
\BOOKMARK [3][-]{subsubsection.4.2.2}{\376\377\000L\000e\000s\000\040\000T\000y\000p\000e\000s\000\040\000F\000l\000o\000t\000t\000a\000n\000t\000s\000\040\000\050\000f\000l\000o\000a\000t\000,\000\040\000d\000o\000u\000b\000l\000e\000,\000\040\000d\000e\000c\000i\000m\000a\000l\000\051}{subsection.4.2}% 49
\BOOKMARK [3][-]{subsubsection.4.2.3}{\376\377\000L\000e\000s\000\040\000T\000y\000p\000e\000s\000\040\000T\000e\000x\000t\000u\000e\000l\000s\000\040\000\050\000c\000h\000a\000r\000\040\000e\000t\000\040\000s\000t\000r\000i\000n\000g\000\051}{subsection.4.2}% 50
\BOOKMARK [3][-]{subsubsection.4.2.4}{\376\377\000L\000e\000s\000\040\000T\000y\000p\000e\000s\000\040\000T\000e\000m\000p\000o\000r\000e\000l\000s\000\040\000\050\000D\000a\000t\000e\000T\000i\000m\000e\000,\000\040\000D\000a\000t\000e\000O\000n\000l\000y\000,\000\040\000T\000i\000m\000e\000S\000p\000a\000n\000\051}{subsection.4.2}% 51
\BOOKMARK [3][-]{subsubsection.4.2.5}{\376\377\000G\000\351\000n\000\351\000r\000a\000t\000i\000o\000n\000\040\000d\000e\000\040\000N\000o\000m\000b\000r\000e\000s\000\040\000A\000l\000\351\000a\000t\000o\000i\000r\000e\000s\000\040\000\050\000R\000a\000n\000d\000o\000m\000\051}{subsection.4.2}% 52
\BOOKMARK [2][-]{subsection.4.3}{\376\377\000L\000'\000\311\000t\000a\000t\000\040\000I\000n\000d\000\351\000f\000i\000n\000i\000\040\000:\000\040\000L\000e\000s\000\040\000T\000y\000p\000e\000s\000\040\000N\000u\000l\000l\000a\000b\000l\000e}{section.4}% 53
\BOOKMARK [2][-]{subsection.4.4}{\376\377\000C\000o\000n\000v\000e\000r\000s\000i\000o\000n\000s\000\040\000S\000t\000r\000a\000t\000\351\000g\000i\000q\000u\000e\000s\000\040\000:\000\040\000L\000e\000\040\000P\000a\000r\000s\000i\000n\000g}{section.4}% 54
\BOOKMARK [2][-]{subsection.4.5}{\376\377\000S\000y\000n\000t\000h\000\350\000s\000e\000\040\000d\000u\000\040\000C\000h\000a\000p\000i\000t\000r\000e}{section.4}% 55
\BOOKMARK [1][-]{section.5}{\376\377\000L\000e\000s\000\040\000O\000p\000\351\000r\000a\000t\000e\000u\000r\000s\000\040\000e\000t\000\040\000E\000x\000p\000r\000e\000s\000s\000i\000o\000n\000s}{}% 56
\BOOKMARK [2][-]{subsection.5.1}{\376\377\000O\000p\000\351\000r\000a\000t\000e\000u\000r\000s\000\040\000A\000r\000i\000t\000h\000m\000\351\000t\000i\000q\000u\000e\000s}{section.5}% 57
\BOOKMARK [2][-]{subsection.5.2}{\376\377\000O\000p\000\351\000r\000a\000t\000e\000u\000r\000s\000\040\000d\000'\000A\000f\000f\000e\000c\000t\000a\000t\000i\000o\000n}{section.5}% 58
\BOOKMARK [2][-]{subsection.5.3}{\376\377\000O\000p\000\351\000r\000a\000t\000e\000u\000r\000s\000\040\000d\000'\000I\000n\000c\000r\000\351\000m\000e\000n\000t\000a\000t\000i\000o\000n\000\040\000e\000t\000\040\000D\000\351\000c\000r\000\351\000m\000e\000n\000t\000a\000t\000i\000o\000n}{section.5}% 59
\BOOKMARK [2][-]{subsection.5.4}{\376\377\000O\000p\000\351\000r\000a\000t\000e\000u\000r\000s\000\040\000d\000e\000\040\000C\000o\000m\000p\000a\000r\000a\000i\000s\000o\000n\000\040\000\050\000R\000e\000l\000a\000t\000i\000o\000n\000n\000e\000l\000s\000\051}{section.5}% 60
\BOOKMARK [2][-]{subsection.5.5}{\376\377\000O\000p\000\351\000r\000a\000t\000e\000u\000r\000s\000\040\000L\000o\000g\000i\000q\000u\000e\000s}{section.5}% 61
\BOOKMARK [2][-]{subsection.5.6}{\376\377\000O\000p\000\351\000r\000a\000t\000e\000u\000r\000s\000\040\000A\000v\000a\000n\000c\000\351\000s\000\040\000e\000t\000\040\000B\000i\000t\000\040\000\340\000\040\000B\000i\000t\000\040\000\050\000B\000i\000t\000w\000i\000s\000e\000\051}{section.5}% 62
\BOOKMARK [2][-]{subsection.5.7}{\376\377\000O\000p\000\351\000r\000a\000t\000e\000u\000r\000s\000\040\000S\000p\000\351\000c\000i\000f\000i\000q\000u\000e\000s\000\040\000a\000u\000\040\000T\000y\000p\000a\000g\000e\000\040\000e\000t\000\040\000C\000o\000n\000t\000r\000\364\000l\000e}{section.5}% 63
\BOOKMARK [2][-]{subsection.5.8}{\376\377\000P\000r\000i\000o\000r\000i\000t\000\351\000\040\000d\000e\000s\000\040\000O\000p\000\351\000r\000a\000t\000e\000u\000r\000s}{section.5}% 64
\BOOKMARK [2][-]{subsection.5.9}{\376\377\000S\000y\000n\000t\000h\000\350\000s\000e\000\040\000d\000u\000\040\000C\000h\000a\000p\000i\000t\000r\000e}{section.5}% 65
\BOOKMARK [1][-]{section.6}{\376\377\000S\000t\000r\000u\000c\000t\000u\000r\000e\000s\000\040\000C\000o\000n\000d\000i\000t\000i\000o\000n\000n\000e\000l\000l\000e\000s}{}% 66
\BOOKMARK [2][-]{subsection.6.1}{\376\377\000L\000'\000i\000n\000s\000t\000r\000u\000c\000t\000i\000o\000n\000\040\000i\000f\000\040\000/\000\040\000e\000l\000s\000e}{section.6}% 67
\BOOKMARK [2][-]{subsection.6.2}{\376\377\000L\000'\000i\000n\000s\000t\000r\000u\000c\000t\000i\000o\000n\000\040\000s\000w\000i\000t\000c\000h}{section.6}% 68
\BOOKMARK [3][-]{subsubsection.6.2.1}{\376\377\000S\000y\000n\000t\000a\000x\000e\000\040\000c\000l\000a\000s\000s\000i\000q\000u\000e}{subsection.6.2}% 69
\BOOKMARK [3][-]{subsubsection.6.2.2}{\376\377\000L\000e\000s\000\040\000E\000x\000p\000r\000e\000s\000s\000i\000o\000n\000s\000\040\000s\000w\000i\000t\000c\000h\000\040\000\050\000C\000\043\000\040\0008\000.\0000\000+\000\051}{subsection.6.2}% 70
\BOOKMARK [2][-]{subsection.6.3}{\376\377\000L\000'\000o\000p\000\351\000r\000a\000t\000e\000u\000r\000\040\000T\000e\000r\000n\000a\000i\000r\000e\000\040\000C\000o\000n\000d\000i\000t\000i\000o\000n\000n\000e\000l\000\040\000\050\000?\000:\000\051}{section.6}% 71
\BOOKMARK [2][-]{subsection.6.4}{\376\377\000S\000y\000n\000t\000h\000\350\000s\000e\000\040\000d\000u\000\040\000C\000h\000a\000p\000i\000t\000r\000e}{section.6}% 72
\BOOKMARK [1][-]{section.7}{\376\377\000L\000e\000s\000\040\000B\000o\000u\000c\000l\000e\000s\000\040\000\050\000S\000t\000r\000u\000c\000t\000u\000r\000e\000s\000\040\000I\000t\000\351\000r\000a\000t\000i\000v\000e\000s\000\051}{}% 73
\BOOKMARK [2][-]{subsection.7.1}{\376\377\000L\000a\000\040\000b\000o\000u\000c\000l\000e\000\040\000f\000o\000r}{section.7}% 74
\BOOKMARK [2][-]{subsection.7.2}{\376\377\000L\000a\000\040\000b\000o\000u\000c\000l\000e\000\040\000w\000h\000i\000l\000e}{section.7}% 75
\BOOKMARK [2][-]{subsection.7.3}{\376\377\000L\000a\000\040\000b\000o\000u\000c\000l\000e\000\040\000d\000o\000.\000.\000.\000w\000h\000i\000l\000e}{section.7}% 76
\BOOKMARK [2][-]{subsection.7.4}{\376\377\000L\000a\000\040\000b\000o\000u\000c\000l\000e\000\040\000f\000o\000r\000e\000a\000c\000h}{section.7}% 77
\BOOKMARK [2][-]{subsection.7.5}{\376\377\000C\000o\000n\000t\000r\000\364\000l\000e\000\040\000d\000e\000\040\000F\000l\000u\000x\000\040\000:\000\040\000b\000r\000e\000a\000k\000\040\000e\000t\000\040\000c\000o\000n\000t\000i\000n\000u\000e}{section.7}% 78
\BOOKMARK [2][-]{subsection.7.6}{\376\377\000S\000y\000n\000t\000h\000\350\000s\000e}{section.7}% 79
\BOOKMARK [1][-]{section.8}{\376\377\000T\000a\000b\000l\000e\000a\000u\000x\000\040\000e\000t\000\040\000C\000o\000l\000l\000e\000c\000t\000i\000o\000n\000s\000\040\000d\000e\000\040\000b\000a\000s\000e}{}% 80
\BOOKMARK [2][-]{subsection.8.1}{\376\377\000L\000e\000s\000\040\000T\000a\000b\000l\000e\000a\000u\000x\000\040\000\050\000A\000r\000r\000a\000y\000\051}{section.8}% 81
\BOOKMARK [2][-]{subsection.8.2}{\376\377\000L\000e\000s\000\040\000L\000i\000s\000t\000e\000s\000\040\000\050\000L\000i\000s\000t\000<\000T\000>\000\051}{section.8}% 82
\BOOKMARK [2][-]{subsection.8.3}{\376\377\000L\000e\000s\000\040\000D\000i\000c\000t\000i\000o\000n\000n\000a\000i\000r\000e\000s\000\040\000\050\000D\000i\000c\000t\000i\000o\000n\000a\000r\000y\000<\000T\000K\000e\000y\000,\000\040\000T\000V\000a\000l\000u\000e\000>\000\051}{section.8}% 83
\BOOKMARK [2][-]{subsection.8.4}{\376\377\000L\000e\000s\000\040\000\311\000n\000u\000m\000\351\000r\000a\000t\000i\000o\000n\000s\000\040\000\050\000e\000n\000u\000m\000\051}{section.8}% 84
\BOOKMARK [2][-]{subsection.8.5}{\376\377\000F\000o\000n\000c\000t\000i\000o\000n\000s\000\040\000d\000e\000\040\000M\000a\000n\000i\000p\000u\000l\000a\000t\000i\000o\000n\000\040\000A\000v\000a\000n\000c\000\351\000e\000s}{section.8}% 85
\BOOKMARK [3][-]{subsubsection.8.5.1}{\376\377\000U\000t\000i\000l\000i\000t\000a\000i\000r\000e\000s\000\040\000p\000o\000u\000r\000\040\000T\000a\000b\000l\000e\000a\000u\000x\000\040\000e\000t\000\040\000L\000i\000s\000t\000e\000s}{subsection.8.5}% 86
\BOOKMARK [3][-]{subsubsection.8.5.2}{\376\377\000U\000t\000i\000l\000i\000t\000a\000i\000r\000e\000s\000\040\000p\000o\000u\000r\000\040\000D\000i\000c\000t\000i\000o\000n\000n\000a\000i\000r\000e\000s}{subsection.8.5}% 87
\BOOKMARK [2][-]{subsection.8.6}{\376\377\000S\000y\000n\000t\000h\000\350\000s\000e}{section.8}% 88
\BOOKMARK [1][-]{section.9}{\376\377\000F\000o\000n\000c\000t\000i\000o\000n\000s\000\040\000e\000t\000\040\000M\000\351\000t\000h\000o\000d\000e\000s}{}% 89
\BOOKMARK [2][-]{subsection.9.1}{\376\377\000D\000\351\000c\000l\000a\000r\000a\000t\000i\000o\000n\000,\000\040\000P\000a\000r\000a\000m\000\350\000t\000r\000e\000s\000\040\000e\000t\000\040\000V\000a\000l\000e\000u\000r\000\040\000d\000e\000\040\000R\000e\000t\000o\000u\000r}{section.9}% 90
\BOOKMARK [2][-]{subsection.9.2}{\376\377\000P\000a\000r\000a\000m\000\350\000t\000r\000e\000s\000\040\000O\000p\000t\000i\000o\000n\000n\000e\000l\000s\000\040\000e\000t\000\040\000S\000u\000r\000c\000h\000a\000r\000g\000e}{section.9}% 91
\BOOKMARK [3][-]{subsubsection.9.2.1}{\376\377\000V\000a\000l\000e\000u\000r\000s\000\040\000p\000a\000r\000\040\000d\000\351\000f\000a\000u\000t\000\040\000\050\000P\000a\000r\000a\000m\000\350\000t\000r\000e\000s\000\040\000O\000p\000t\000i\000o\000n\000n\000e\000l\000s\000\051}{subsection.9.2}% 92
\BOOKMARK [3][-]{subsubsection.9.2.2}{\376\377\000S\000u\000r\000c\000h\000a\000r\000g\000e\000\040\000d\000e\000\040\000M\000\351\000t\000h\000o\000d\000e\000s\000\040\000\050\000O\000v\000e\000r\000l\000o\000a\000d\000i\000n\000g\000\051}{subsection.9.2}% 93
\BOOKMARK [2][-]{subsection.9.3}{\376\377\000N\000o\000m\000b\000r\000e\000\040\000V\000a\000r\000i\000a\000b\000l\000e\000\040\000d\000'\000A\000r\000g\000u\000m\000e\000n\000t\000s\000\040\000\050\000p\000a\000r\000a\000m\000s\000\051}{section.9}% 94
\BOOKMARK [2][-]{subsection.9.4}{\376\377\000P\000a\000s\000s\000a\000g\000e\000\040\000d\000e\000\040\000P\000a\000r\000a\000m\000\350\000t\000r\000e\000s\000\040\000:\000\040\000r\000e\000f\000\040\000e\000t\000\040\000o\000u\000t}{section.9}% 95
\BOOKMARK [2][-]{subsection.9.5}{\376\377\000M\000\351\000t\000h\000o\000d\000e\000s\000\040\000S\000t\000a\000t\000i\000q\000u\000e\000s\000\040\000v\000s\000\040\000d\000'\000I\000n\000s\000t\000a\000n\000c\000e}{section.9}% 96
\BOOKMARK [2][-]{subsection.9.6}{\376\377\000S\000y\000n\000t\000h\000\350\000s\000e}{section.9}% 97
\BOOKMARK [1][-]{section.10}{\376\377\000M\000a\000n\000i\000p\000u\000l\000a\000t\000i\000o\000n\000\040\000d\000e\000s\000\040\000T\000y\000p\000e\000s\000\040\000d\000e\000\040\000B\000a\000s\000e\000\040\000\050\000C\000h\000a\000\356\000n\000e\000s\000\040\000e\000t\000\040\000N\000o\000m\000b\000r\000e\000s\000\051}{}% 98
\BOOKMARK [2][-]{subsection.10.1}{\376\377\000P\000r\000o\000p\000r\000i\000\351\000t\000\351\000s\000\040\000e\000t\000\040\000M\000\351\000t\000h\000o\000d\000e\000s\000\040\000d\000e\000\040\000B\000a\000s\000e}{section.10}% 99
\BOOKMARK [2][-]{subsection.10.2}{\376\377\000R\000e\000c\000h\000e\000r\000c\000h\000e\000\040\000e\000t\000\040\000V\000\351\000r\000i\000f\000i\000c\000a\000t\000i\000o\000n}{section.10}% 100
\BOOKMARK [2][-]{subsection.10.3}{\376\377\000D\000\351\000c\000o\000u\000p\000a\000g\000e\000,\000\040\000C\000o\000n\000c\000a\000t\000\351\000n\000a\000t\000i\000o\000n\000\040\000e\000t\000\040\000R\000e\000m\000p\000l\000a\000c\000e\000m\000e\000n\000t}{section.10}% 101
\BOOKMARK [2][-]{subsection.10.4}{\376\377\000I\000n\000s\000e\000r\000t\000i\000o\000n\000\040\000e\000t\000\040\000S\000u\000p\000p\000r\000e\000s\000s\000i\000o\000n}{section.10}% 102
\BOOKMARK [2][-]{subsection.10.5}{\376\377\000I\000n\000t\000e\000r\000p\000o\000l\000a\000t\000i\000o\000n\000\040\000e\000t\000\040\000O\000p\000t\000i\000m\000i\000s\000a\000t\000i\000o\000n\000\040\000\050\000S\000t\000r\000i\000n\000g\000B\000u\000i\000l\000d\000e\000r\000\051}{section.10}% 103
\BOOKMARK [3][-]{subsubsection.10.5.1}{\376\377\000I\000n\000t\000e\000r\000p\000o\000l\000a\000t\000i\000o\000n\000\040\000d\000e\000\040\000c\000h\000a\000\356\000n\000e\000s\000\040\000\050\000\044\000"\000"\000\051}{subsection.10.5}% 104
\BOOKMARK [3][-]{subsubsection.10.5.2}{\376\377\000O\000p\000t\000i\000m\000i\000s\000a\000t\000i\000o\000n\000\040\000a\000v\000e\000c\000\040\000S\000t\000r\000i\000n\000g\000B\000u\000i\000l\000d\000e\000r}{subsection.10.5}% 105
\BOOKMARK [2][-]{subsection.10.6}{\376\377\000M\000a\000n\000i\000p\000u\000l\000a\000t\000i\000o\000n\000\040\000d\000e\000s\000\040\000N\000o\000m\000b\000r\000e\000s\000\040\000e\000t\000\040\000M\000a\000t\000h\000\351\000m\000a\000t\000i\000q\000u\000e\000s}{section.10}% 106
\BOOKMARK [3][-]{subsubsection.10.6.1}{\376\377\000C\000o\000n\000v\000e\000r\000s\000i\000o\000n\000\040\000e\000t\000\040\000P\000a\000r\000s\000i\000n\000g}{subsection.10.6}% 107
\BOOKMARK [2][-]{subsection.10.7}{\376\377\000S\000y\000n\000t\000h\000\350\000s\000e}{section.10}% 108
\BOOKMARK [1][-]{section.11}{\376\377\000G\000e\000s\000t\000i\000o\000n\000\040\000d\000e\000s\000\040\000E\000r\000r\000e\000u\000r\000s\000\040\000e\000t\000\040\000E\000x\000c\000e\000p\000t\000i\000o\000n\000s}{}% 109
\BOOKMARK [2][-]{subsection.11.1}{\376\377\000L\000e\000\040\000B\000l\000o\000c\000\040\000t\000r\000y\000\040\000/\000\040\000c\000a\000t\000c\000h\000\040\000/\000\040\000f\000i\000n\000a\000l\000l\000y}{section.11}% 110
\BOOKMARK [3][-]{subsubsection.11.1.1}{\376\377\000E\000x\000c\000e\000p\000t\000i\000o\000n\000s\000\040\000c\000o\000u\000r\000a\000n\000t\000e\000s\000\040\000d\000u\000\040\000F\000r\000a\000m\000e\000w\000o\000r\000k}{subsection.11.1}% 111
\BOOKMARK [2][-]{subsection.11.2}{\376\377\000L\000e\000\040\000M\000o\000t\000-\000C\000l\000\351\000\040\000t\000h\000r\000o\000w\000\040\000e\000t\000\040\000l\000a\000\040\000P\000r\000o\000p\000a\000g\000a\000t\000i\000o\000n}{section.11}% 112
\BOOKMARK [2][-]{subsection.11.3}{\376\377\000C\000r\000\351\000a\000t\000i\000o\000n\000\040\000d\000'\000E\000x\000c\000e\000p\000t\000i\000o\000n\000s\000\040\000P\000e\000r\000s\000o\000n\000n\000a\000l\000i\000s\000\351\000e\000s}{section.11}% 113
\BOOKMARK [2][-]{subsection.11.4}{\376\377\000G\000e\000s\000t\000i\000o\000n\000\040\000d\000e\000s\000\040\000R\000e\000s\000s\000o\000u\000r\000c\000e\000s\000\040\000:\000\040\000L\000e\000\040\000B\000l\000o\000c\000\040\000u\000s\000i\000n\000g}{section.11}% 114
\BOOKMARK [2][-]{subsection.11.5}{\376\377\000S\000y\000n\000t\000h\000\350\000s\000e}{section.11}% 115
\BOOKMARK [1][-]{section.12}{\376\377\000P\000r\000o\000g\000r\000a\000m\000m\000a\000t\000i\000o\000n\000\040\000O\000r\000i\000e\000n\000t\000\351\000e\000\040\000O\000b\000j\000e\000t\000\040\040\024\000\040\000B\000a\000s\000e\000s}{}% 116
\BOOKMARK [2][-]{subsection.12.1}{\376\377\000I\000n\000t\000r\000o\000d\000u\000c\000t\000i\000o\000n\000\040\000T\000h\000\351\000o\000r\000i\000q\000u\000e}{section.12}% 117
\BOOKMARK [2][-]{subsection.12.2}{\376\377\000S\000y\000n\000t\000a\000x\000e\000\040\000e\000t\000\040\000R\000\350\000g\000l\000e\000s\000\040\000:\000\040\000C\000l\000a\000s\000s\000e\000s\000,\000\040\000O\000b\000j\000e\000t\000s\000\040\000e\000t\000\040\000T\000y\000p\000e\000s}{section.12}% 118
\BOOKMARK [3][-]{subsubsection.12.2.1}{\376\377\000T\000y\000p\000e\000s\000\040\000V\000a\000l\000e\000u\000r\000\040\000\050\000s\000t\000r\000u\000c\000t\000\051\000\040\000v\000s\000\040\000T\000y\000p\000e\000s\000\040\000R\000\351\000f\000\351\000r\000e\000n\000c\000e\000\040\000\050\000c\000l\000a\000s\000s\000\051}{subsection.12.2}% 119
\BOOKMARK [3][-]{subsubsection.12.2.2}{\376\377\000E\000n\000c\000a\000p\000s\000u\000l\000a\000t\000i\000o\000n\000\040\000e\000t\000\040\000M\000o\000d\000i\000f\000i\000c\000a\000t\000e\000u\000r\000s\000\040\000d\000'\000A\000c\000c\000\350\000s}{subsection.12.2}% 120
\BOOKMARK [3][-]{subsubsection.12.2.3}{\376\377\000C\000o\000n\000s\000t\000r\000u\000c\000t\000e\000u\000r\000s\000\040\000e\000t\000\040\000l\000e\000\040\000m\000o\000t\000-\000c\000l\000\351\000\040\000t\000h\000i\000s}{subsection.12.2}% 121
\BOOKMARK [3][-]{subsubsection.12.2.4}{\376\377\000P\000r\000o\000p\000r\000i\000\351\000t\000\351\000s\000\040\000\050\000g\000e\000t\000,\000\040\000s\000e\000t\000,\000\040\000i\000n\000i\000t\000\051}{subsection.12.2}% 122
\BOOKMARK [2][-]{subsection.12.3}{\376\377\000E\000x\000e\000m\000p\000l\000e\000\040\000d\000e\000\040\000C\000o\000d\000e\000\040\000C\000o\000m\000m\000e\000n\000t\000\351}{section.12}% 123
\BOOKMARK [2][-]{subsection.12.4}{\376\377\000S\000y\000n\000t\000h\000\350\000s\000e\000\040\000/\000\040\000\300\000\040\000r\000e\000t\000e\000n\000i\000r}{section.12}% 124
\BOOKMARK [1][-]{section.13}{\376\377\000P\000O\000O\000\040\040\024\000\040\000H\000\351\000r\000i\000t\000a\000g\000e\000\040\000e\000t\000\040\000P\000o\000l\000y\000m\000o\000r\000p\000h\000i\000s\000m\000e}{}% 125
\BOOKMARK [2][-]{subsection.13.1}{\376\377\000L\000'\000H\000\351\000r\000i\000t\000a\000g\000e\000\040\000e\000t\000\040\000l\000e\000\040\000P\000a\000r\000t\000a\000g\000e\000\040\000d\000e\000\040\000C\000o\000m\000p\000o\000r\000t\000e\000m\000e\000n\000t}{section.13}% 126
\BOOKMARK [2][-]{subsection.13.2}{\376\377\000M\000\351\000t\000h\000o\000d\000e\000s\000\040\000A\000b\000s\000t\000r\000a\000i\000t\000e\000s\000,\000\040\000V\000i\000r\000t\000u\000e\000l\000l\000e\000s\000\040\000e\000t\000\040\000S\000c\000e\000l\000l\000e\000m\000e\000n\000t}{section.13}% 127
\BOOKMARK [2][-]{subsection.13.3}{\376\377\000L\000e\000\040\000P\000o\000l\000y\000m\000o\000r\000p\000h\000i\000s\000m\000e\000\040\000e\000t\000\040\000l\000e\000\040\000T\000r\000a\000n\000s\000t\000y\000p\000a\000g\000e\000\040\000\050\000C\000a\000s\000t\000i\000n\000g\000\051}{section.13}% 128
\BOOKMARK [2][-]{subsection.13.4}{\376\377\000E\000x\000e\000m\000p\000l\000e\000\040\000d\000e\000\040\000C\000o\000d\000e\000\040\000C\000o\000m\000m\000e\000n\000t\000\351}{section.13}% 129
\BOOKMARK [2][-]{subsection.13.5}{\376\377\000S\000y\000n\000t\000h\000\350\000s\000e\000\040\000/\000\040\000\300\000\040\000r\000e\000t\000e\000n\000i\000r}{section.13}% 130
\BOOKMARK [1][-]{section.14}{\376\377\000P\000O\000O\000\040\040\024\000\040\000I\000n\000t\000e\000r\000f\000a\000c\000e\000s}{}% 131
\BOOKMARK [2][-]{subsection.14.1}{\376\377\000C\000o\000n\000t\000r\000a\000t\000\040\000d\000e\000\040\000S\000e\000r\000v\000i\000c\000e\000\040\000:\000\040\000L\000'\000I\000n\000t\000e\000r\000f\000a\000c\000e}{section.14}% 132
\BOOKMARK [2][-]{subsection.14.2}{\376\377\000I\000n\000t\000e\000r\000f\000a\000c\000e\000s\000\040\000S\000t\000a\000n\000d\000a\000r\000d\000s\000\040\000d\000u\000\040\000F\000r\000a\000m\000e\000w\000o\000r\000k\000\040\000:\000\040\000I\000C\000o\000m\000p\000a\000r\000a\000b\000l\000e\000\040\000e\000t\000\040\000I\000E\000q\000u\000a\000t\000a\000b\000l\000e}{section.14}% 133
\BOOKMARK [2][-]{subsection.14.3}{\376\377\000I\000n\000t\000e\000r\000f\000a\000c\000e\000\040\000v\000s\000\040\000C\000l\000a\000s\000s\000e\000\040\000A\000b\000s\000t\000r\000a\000i\000t\000e\000\040\000:\000\040\000L\000e\000\040\000c\000h\000o\000i\000x\000\040\000a\000r\000c\000h\000i\000t\000e\000c\000t\000u\000r\000a\000l}{section.14}% 134
\BOOKMARK [2][-]{subsection.14.4}{\376\377\000E\000x\000e\000m\000p\000l\000e\000\040\000d\000e\000\040\000C\000o\000d\000e\000\040\000C\000o\000m\000m\000e\000n\000t\000\351}{section.14}% 135
\BOOKMARK [2][-]{subsection.14.5}{\376\377\000S\000y\000n\000t\000h\000\350\000s\000e\000\040\000/\000\040\000\300\000\040\000r\000e\000t\000e\000n\000i\000r}{section.14}% 136
